[02-Jun-2025 23:13:02 Europe/Berlin] PHP Warning:  Undefined variable $book_id in C:\xampp\htdocs\BookTalks-site\backend\rating.php on line 8
[02-Jun-2025 23:13:02 Europe/Berlin] rating.php вызван с book_id: 
[02-Jun-2025 23:13:02 Europe/Berlin] PHP Fatal error:  Uncaught PDOException: SQLSTATE[42S22]: Column not found: 1054 Unknown column 'rating' in 'field list' in C:\xampp\htdocs\BookTalks-site\backend\rating.php:17
Stack trace:
#0 C:\xampp\htdocs\BookTalks-site\backend\rating.php(17): PDO->prepare('SELECT ROUND(AV...')
#1 {main}
  thrown in C:\xampp\htdocs\BookTalks-site\backend\rating.php on line 17
[02-Jun-2025 23:22:02 Europe/Berlin] PHP Warning:  Undefined variable $book_id in C:\xampp\htdocs\BookTalks-site\backend\rating.php on line 8
[02-Jun-2025 23:22:02 Europe/Berlin] rating.php вызван с book_id: 
[02-Jun-2025 23:22:02 Europe/Berlin] PHP Fatal error:  Uncaught PDOException: SQLSTATE[42S22]: Column not found: 1054 Unknown column 'rating' in 'field list' in C:\xampp\htdocs\BookTalks-site\backend\rating.php:17
Stack trace:
#0 C:\xampp\htdocs\BookTalks-site\backend\rating.php(17): PDO->prepare('SELECT ROUND(AV...')
#1 {main}
  thrown in C:\xampp\htdocs\BookTalks-site\backend\rating.php on line 17
[02-Jun-2025 23:22:21 Europe/Berlin] PHP Warning:  Undefined variable $book_id in C:\xampp\htdocs\BookTalks-site\backend\rating.php on line 8
[02-Jun-2025 23:22:21 Europe/Berlin] rating.php вызван с book_id: 
[02-Jun-2025 23:22:21 Europe/Berlin] PHP Fatal error:  Uncaught PDOException: SQLSTATE[42S22]: Column not found: 1054 Unknown column 'rating' in 'field list' in C:\xampp\htdocs\BookTalks-site\backend\rating.php:17
Stack trace:
#0 C:\xampp\htdocs\BookTalks-site\backend\rating.php(17): PDO->prepare('SELECT ROUND(AV...')
#1 {main}
  thrown in C:\xampp\htdocs\BookTalks-site\backend\rating.php on line 17
[02-Jun-2025 23:22:21 Europe/Berlin] PHP Warning:  Undefined variable $book_id in C:\xampp\htdocs\BookTalks-site\backend\rating.php on line 8
[02-Jun-2025 23:22:21 Europe/Berlin] rating.php вызван с book_id: 
[02-Jun-2025 23:22:21 Europe/Berlin] PHP Fatal error:  Uncaught PDOException: SQLSTATE[42S22]: Column not found: 1054 Unknown column 'rating' in 'field list' in C:\xampp\htdocs\BookTalks-site\backend\rating.php:17
Stack trace:
#0 C:\xampp\htdocs\BookTalks-site\backend\rating.php(17): PDO->prepare('SELECT ROUND(AV...')
#1 {main}
  thrown in C:\xampp\htdocs\BookTalks-site\backend\rating.php on line 17
[02-Jun-2025 23:22:21 Europe/Berlin] PHP Warning:  Undefined variable $book_id in C:\xampp\htdocs\BookTalks-site\backend\rating.php on line 8
[02-Jun-2025 23:22:21 Europe/Berlin] rating.php вызван с book_id: 
[02-Jun-2025 23:22:21 Europe/Berlin] PHP Fatal error:  Uncaught PDOException: SQLSTATE[42S22]: Column not found: 1054 Unknown column 'rating' in 'field list' in C:\xampp\htdocs\BookTalks-site\backend\rating.php:17
Stack trace:
#0 C:\xampp\htdocs\BookTalks-site\backend\rating.php(17): PDO->prepare('SELECT ROUND(AV...')
#1 {main}
  thrown in C:\xampp\htdocs\BookTalks-site\backend\rating.php on line 17
[02-Jun-2025 23:22:21 Europe/Berlin] PHP Warning:  Undefined variable $book_id in C:\xampp\htdocs\BookTalks-site\backend\rating.php on line 8
[02-Jun-2025 23:22:21 Europe/Berlin] rating.php вызван с book_id: 
[02-Jun-2025 23:22:21 Europe/Berlin] PHP Warning:  Undefined variable $book_id in C:\xampp\htdocs\BookTalks-site\backend\rating.php on line 8
[02-Jun-2025 23:22:21 Europe/Berlin] PHP Fatal error:  Uncaught PDOException: SQLSTATE[42S22]: Column not found: 1054 Unknown column 'rating' in 'field list' in C:\xampp\htdocs\BookTalks-site\backend\rating.php:17
Stack trace:
#0 C:\xampp\htdocs\BookTalks-site\backend\rating.php(17): PDO->prepare('SELECT ROUND(AV...')
#1 {main}
  thrown in C:\xampp\htdocs\BookTalks-site\backend\rating.php on line 17
[02-Jun-2025 23:22:21 Europe/Berlin] rating.php вызван с book_id: 
[02-Jun-2025 23:22:21 Europe/Berlin] PHP Fatal error:  Uncaught PDOException: SQLSTATE[42S22]: Column not found: 1054 Unknown column 'rating' in 'field list' in C:\xampp\htdocs\BookTalks-site\backend\rating.php:17
Stack trace:
#0 C:\xampp\htdocs\BookTalks-site\backend\rating.php(17): PDO->prepare('SELECT ROUND(AV...')
#1 {main}
  thrown in C:\xampp\htdocs\BookTalks-site\backend\rating.php on line 17
[02-Jun-2025 23:22:21 Europe/Berlin] PHP Warning:  Undefined variable $book_id in C:\xampp\htdocs\BookTalks-site\backend\rating.php on line 8
[02-Jun-2025 23:22:21 Europe/Berlin] rating.php вызван с book_id: 
[02-Jun-2025 23:22:21 Europe/Berlin] PHP Warning:  Undefined variable $book_id in C:\xampp\htdocs\BookTalks-site\backend\rating.php on line 8
[02-Jun-2025 23:22:21 Europe/Berlin] PHP Fatal error:  Uncaught PDOException: SQLSTATE[42S22]: Column not found: 1054 Unknown column 'rating' in 'field list' in C:\xampp\htdocs\BookTalks-site\backend\rating.php:17
Stack trace:
#0 C:\xampp\htdocs\BookTalks-site\backend\rating.php(17): PDO->prepare('SELECT ROUND(AV...')
#1 {main}
  thrown in C:\xampp\htdocs\BookTalks-site\backend\rating.php on line 17
[02-Jun-2025 23:22:21 Europe/Berlin] rating.php вызван с book_id: 
[02-Jun-2025 23:22:21 Europe/Berlin] PHP Fatal error:  Uncaught PDOException: SQLSTATE[42S22]: Column not found: 1054 Unknown column 'rating' in 'field list' in C:\xampp\htdocs\BookTalks-site\backend\rating.php:17
Stack trace:
#0 C:\xampp\htdocs\BookTalks-site\backend\rating.php(17): PDO->prepare('SELECT ROUND(AV...')
#1 {main}
  thrown in C:\xampp\htdocs\BookTalks-site\backend\rating.php on line 17
[02-Jun-2025 23:22:21 Europe/Berlin] PHP Warning:  Undefined variable $book_id in C:\xampp\htdocs\BookTalks-site\backend\rating.php on line 8
[02-Jun-2025 23:22:21 Europe/Berlin] rating.php вызван с book_id: 
[02-Jun-2025 23:22:21 Europe/Berlin] PHP Fatal error:  Uncaught PDOException: SQLSTATE[42S22]: Column not found: 1054 Unknown column 'rating' in 'field list' in C:\xampp\htdocs\BookTalks-site\backend\rating.php:17
Stack trace:
#0 C:\xampp\htdocs\BookTalks-site\backend\rating.php(17): PDO->prepare('SELECT ROUND(AV...')
#1 {main}
  thrown in C:\xampp\htdocs\BookTalks-site\backend\rating.php on line 17
[02-Jun-2025 23:22:21 Europe/Berlin] PHP Warning:  Undefined variable $book_id in C:\xampp\htdocs\BookTalks-site\backend\rating.php on line 8
[02-Jun-2025 23:22:21 Europe/Berlin] rating.php вызван с book_id: 
[02-Jun-2025 23:22:21 Europe/Berlin] PHP Fatal error:  Uncaught PDOException: SQLSTATE[42S22]: Column not found: 1054 Unknown column 'rating' in 'field list' in C:\xampp\htdocs\BookTalks-site\backend\rating.php:17
Stack trace:
#0 C:\xampp\htdocs\BookTalks-site\backend\rating.php(17): PDO->prepare('SELECT ROUND(AV...')
#1 {main}
  thrown in C:\xampp\htdocs\BookTalks-site\backend\rating.php on line 17
[02-Jun-2025 23:22:23 Europe/Berlin] PHP Warning:  Undefined variable $book_id in C:\xampp\htdocs\BookTalks-site\backend\rating.php on line 8
[02-Jun-2025 23:22:23 Europe/Berlin] rating.php вызван с book_id: 
[02-Jun-2025 23:22:23 Europe/Berlin] PHP Fatal error:  Uncaught PDOException: SQLSTATE[42S22]: Column not found: 1054 Unknown column 'rating' in 'field list' in C:\xampp\htdocs\BookTalks-site\backend\rating.php:17
Stack trace:
#0 C:\xampp\htdocs\BookTalks-site\backend\rating.php(17): PDO->prepare('SELECT ROUND(AV...')
#1 {main}
  thrown in C:\xampp\htdocs\BookTalks-site\backend\rating.php on line 17
[02-Jun-2025 23:22:23 Europe/Berlin] PHP Warning:  Undefined variable $book_id in C:\xampp\htdocs\BookTalks-site\backend\rating.php on line 8
[02-Jun-2025 23:22:23 Europe/Berlin] rating.php вызван с book_id: 
[02-Jun-2025 23:22:23 Europe/Berlin] PHP Fatal error:  Uncaught PDOException: SQLSTATE[42S22]: Column not found: 1054 Unknown column 'rating' in 'field list' in C:\xampp\htdocs\BookTalks-site\backend\rating.php:17
Stack trace:
#0 C:\xampp\htdocs\BookTalks-site\backend\rating.php(17): PDO->prepare('SELECT ROUND(AV...')
#1 {main}
  thrown in C:\xampp\htdocs\BookTalks-site\backend\rating.php on line 17
[02-Jun-2025 23:24:55 Europe/Berlin] PHP Warning:  Undefined variable $book_id in C:\xampp\htdocs\BookTalks-site\backend\rating.php on line 8
[02-Jun-2025 23:24:55 Europe/Berlin] rating.php вызван с book_id: 
[02-Jun-2025 23:24:55 Europe/Berlin] PHP Fatal error:  Uncaught PDOException: SQLSTATE[42S22]: Column not found: 1054 Unknown column 'rating' in 'field list' in C:\xampp\htdocs\BookTalks-site\backend\rating.php:17
Stack trace:
#0 C:\xampp\htdocs\BookTalks-site\backend\rating.php(17): PDO->prepare('SELECT ROUND(AV...')
#1 {main}
  thrown in C:\xampp\htdocs\BookTalks-site\backend\rating.php on line 17
[02-Jun-2025 23:24:55 Europe/Berlin] PHP Warning:  Undefined variable $book_id in C:\xampp\htdocs\BookTalks-site\backend\rating.php on line 8
[02-Jun-2025 23:24:55 Europe/Berlin] rating.php вызван с book_id: 
[02-Jun-2025 23:24:55 Europe/Berlin] PHP Fatal error:  Uncaught PDOException: SQLSTATE[42S22]: Column not found: 1054 Unknown column 'rating' in 'field list' in C:\xampp\htdocs\BookTalks-site\backend\rating.php:17
Stack trace:
#0 C:\xampp\htdocs\BookTalks-site\backend\rating.php(17): PDO->prepare('SELECT ROUND(AV...')
#1 {main}
  thrown in C:\xampp\htdocs\BookTalks-site\backend\rating.php on line 17
[02-Jun-2025 23:41:14 Europe/Berlin] PHP Warning:  Undefined variable $book_id in C:\xampp\htdocs\BookTalks-site\backend\rating.php on line 8
[02-Jun-2025 23:41:14 Europe/Berlin] rating.php вызван с book_id: 
[02-Jun-2025 23:41:14 Europe/Berlin] PHP Fatal error:  Uncaught PDOException: SQLSTATE[42S22]: Column not found: 1054 Unknown column 'rating' in 'field list' in C:\xampp\htdocs\BookTalks-site\backend\rating.php:17
Stack trace:
#0 C:\xampp\htdocs\BookTalks-site\backend\rating.php(17): PDO->prepare('SELECT ROUND(AV...')
#1 {main}
  thrown in C:\xampp\htdocs\BookTalks-site\backend\rating.php on line 17
[02-Jun-2025 23:41:14 Europe/Berlin] PHP Warning:  Undefined variable $book_id in C:\xampp\htdocs\BookTalks-site\backend\rating.php on line 8
[02-Jun-2025 23:41:14 Europe/Berlin] rating.php вызван с book_id: 
[02-Jun-2025 23:41:14 Europe/Berlin] PHP Fatal error:  Uncaught PDOException: SQLSTATE[42S22]: Column not found: 1054 Unknown column 'rating' in 'field list' in C:\xampp\htdocs\BookTalks-site\backend\rating.php:17
Stack trace:
#0 C:\xampp\htdocs\BookTalks-site\backend\rating.php(17): PDO->prepare('SELECT ROUND(AV...')
#1 {main}
  thrown in C:\xampp\htdocs\BookTalks-site\backend\rating.php on line 17
[02-Jun-2025 23:41:21 Europe/Berlin] PHP Warning:  Undefined variable $book_id in C:\xampp\htdocs\BookTalks-site\backend\rating.php on line 8
[02-Jun-2025 23:41:21 Europe/Berlin] rating.php вызван с book_id: 
[02-Jun-2025 23:41:21 Europe/Berlin] PHP Fatal error:  Uncaught PDOException: SQLSTATE[42S22]: Column not found: 1054 Unknown column 'rating' in 'field list' in C:\xampp\htdocs\BookTalks-site\backend\rating.php:17
Stack trace:
#0 C:\xampp\htdocs\BookTalks-site\backend\rating.php(17): PDO->prepare('SELECT ROUND(AV...')
#1 {main}
  thrown in C:\xampp\htdocs\BookTalks-site\backend\rating.php on line 17
[02-Jun-2025 23:41:22 Europe/Berlin] PHP Warning:  Undefined variable $book_id in C:\xampp\htdocs\BookTalks-site\backend\rating.php on line 8
[02-Jun-2025 23:41:22 Europe/Berlin] rating.php вызван с book_id: 
[02-Jun-2025 23:41:22 Europe/Berlin] PHP Fatal error:  Uncaught PDOException: SQLSTATE[42S22]: Column not found: 1054 Unknown column 'rating' in 'field list' in C:\xampp\htdocs\BookTalks-site\backend\rating.php:17
Stack trace:
#0 C:\xampp\htdocs\BookTalks-site\backend\rating.php(17): PDO->prepare('SELECT ROUND(AV...')
#1 {main}
  thrown in C:\xampp\htdocs\BookTalks-site\backend\rating.php on line 17
[02-Jun-2025 23:41:36 Europe/Berlin] PHP Warning:  Undefined variable $book_id in C:\xampp\htdocs\BookTalks-site\backend\rating.php on line 8
[02-Jun-2025 23:41:36 Europe/Berlin] rating.php вызван с book_id: 
[02-Jun-2025 23:41:36 Europe/Berlin] PHP Fatal error:  Uncaught PDOException: SQLSTATE[42S22]: Column not found: 1054 Unknown column 'rating' in 'field list' in C:\xampp\htdocs\BookTalks-site\backend\rating.php:17
Stack trace:
#0 C:\xampp\htdocs\BookTalks-site\backend\rating.php(17): PDO->prepare('SELECT ROUND(AV...')
#1 {main}
  thrown in C:\xampp\htdocs\BookTalks-site\backend\rating.php on line 17
[02-Jun-2025 23:41:36 Europe/Berlin] PHP Warning:  Undefined variable $book_id in C:\xampp\htdocs\BookTalks-site\backend\rating.php on line 8
[02-Jun-2025 23:41:36 Europe/Berlin] rating.php вызван с book_id: 
[02-Jun-2025 23:41:36 Europe/Berlin] PHP Fatal error:  Uncaught PDOException: SQLSTATE[42S22]: Column not found: 1054 Unknown column 'rating' in 'field list' in C:\xampp\htdocs\BookTalks-site\backend\rating.php:17
Stack trace:
#0 C:\xampp\htdocs\BookTalks-site\backend\rating.php(17): PDO->prepare('SELECT ROUND(AV...')
#1 {main}
  thrown in C:\xampp\htdocs\BookTalks-site\backend\rating.php on line 17
[02-Jun-2025 23:41:42 Europe/Berlin] PHP Warning:  Undefined variable $book_id in C:\xampp\htdocs\BookTalks-site\backend\rating.php on line 8
[02-Jun-2025 23:41:42 Europe/Berlin] rating.php вызван с book_id: 
[02-Jun-2025 23:41:42 Europe/Berlin] PHP Fatal error:  Uncaught PDOException: SQLSTATE[42S22]: Column not found: 1054 Unknown column 'rating' in 'field list' in C:\xampp\htdocs\BookTalks-site\backend\rating.php:17
Stack trace:
#0 C:\xampp\htdocs\BookTalks-site\backend\rating.php(17): PDO->prepare('SELECT ROUND(AV...')
#1 {main}
  thrown in C:\xampp\htdocs\BookTalks-site\backend\rating.php on line 17
[02-Jun-2025 23:41:42 Europe/Berlin] PHP Warning:  Undefined variable $book_id in C:\xampp\htdocs\BookTalks-site\backend\rating.php on line 8
[02-Jun-2025 23:41:42 Europe/Berlin] rating.php вызван с book_id: 
[02-Jun-2025 23:41:42 Europe/Berlin] PHP Fatal error:  Uncaught PDOException: SQLSTATE[42S22]: Column not found: 1054 Unknown column 'rating' in 'field list' in C:\xampp\htdocs\BookTalks-site\backend\rating.php:17
Stack trace:
#0 C:\xampp\htdocs\BookTalks-site\backend\rating.php(17): PDO->prepare('SELECT ROUND(AV...')
#1 {main}
  thrown in C:\xampp\htdocs\BookTalks-site\backend\rating.php on line 17
[02-Jun-2025 23:41:56 Europe/Berlin] PHP Warning:  Undefined variable $book_id in C:\xampp\htdocs\BookTalks-site\backend\rating.php on line 8
[02-Jun-2025 23:41:56 Europe/Berlin] rating.php вызван с book_id: 
[02-Jun-2025 23:41:56 Europe/Berlin] PHP Fatal error:  Uncaught PDOException: SQLSTATE[42S22]: Column not found: 1054 Unknown column 'rating' in 'field list' in C:\xampp\htdocs\BookTalks-site\backend\rating.php:17
Stack trace:
#0 C:\xampp\htdocs\BookTalks-site\backend\rating.php(17): PDO->prepare('SELECT ROUND(AV...')
#1 {main}
  thrown in C:\xampp\htdocs\BookTalks-site\backend\rating.php on line 17
[02-Jun-2025 23:41:56 Europe/Berlin] PHP Warning:  Undefined variable $book_id in C:\xampp\htdocs\BookTalks-site\backend\rating.php on line 8
[02-Jun-2025 23:41:56 Europe/Berlin] rating.php вызван с book_id: 
[02-Jun-2025 23:41:56 Europe/Berlin] PHP Fatal error:  Uncaught PDOException: SQLSTATE[42S22]: Column not found: 1054 Unknown column 'rating' in 'field list' in C:\xampp\htdocs\BookTalks-site\backend\rating.php:17
Stack trace:
#0 C:\xampp\htdocs\BookTalks-site\backend\rating.php(17): PDO->prepare('SELECT ROUND(AV...')
#1 {main}
  thrown in C:\xampp\htdocs\BookTalks-site\backend\rating.php on line 17
[02-Jun-2025 23:46:04 Europe/Berlin] PHP Warning:  Undefined variable $book_id in C:\xampp\htdocs\BookTalks-site\backend\rating.php on line 8
[02-Jun-2025 23:46:04 Europe/Berlin] rating.php вызван с book_id: 
[02-Jun-2025 23:46:04 Europe/Berlin] PHP Fatal error:  Uncaught PDOException: SQLSTATE[42S22]: Column not found: 1054 Unknown column 'rating' in 'field list' in C:\xampp\htdocs\BookTalks-site\backend\rating.php:17
Stack trace:
#0 C:\xampp\htdocs\BookTalks-site\backend\rating.php(17): PDO->prepare('SELECT ROUND(AV...')
#1 {main}
  thrown in C:\xampp\htdocs\BookTalks-site\backend\rating.php on line 17
[02-Jun-2025 23:46:04 Europe/Berlin] PHP Warning:  Undefined variable $book_id in C:\xampp\htdocs\BookTalks-site\backend\rating.php on line 8
[02-Jun-2025 23:46:04 Europe/Berlin] rating.php вызван с book_id: 
[02-Jun-2025 23:46:04 Europe/Berlin] PHP Fatal error:  Uncaught PDOException: SQLSTATE[42S22]: Column not found: 1054 Unknown column 'rating' in 'field list' in C:\xampp\htdocs\BookTalks-site\backend\rating.php:17
Stack trace:
#0 C:\xampp\htdocs\BookTalks-site\backend\rating.php(17): PDO->prepare('SELECT ROUND(AV...')
#1 {main}
  thrown in C:\xampp\htdocs\BookTalks-site\backend\rating.php on line 17
[02-Jun-2025 23:46:08 Europe/Berlin] PHP Warning:  Undefined variable $book_id in C:\xampp\htdocs\BookTalks-site\backend\rating.php on line 8
[02-Jun-2025 23:46:08 Europe/Berlin] rating.php вызван с book_id: 
[02-Jun-2025 23:46:08 Europe/Berlin] PHP Fatal error:  Uncaught PDOException: SQLSTATE[42S22]: Column not found: 1054 Unknown column 'rating' in 'field list' in C:\xampp\htdocs\BookTalks-site\backend\rating.php:17
Stack trace:
#0 C:\xampp\htdocs\BookTalks-site\backend\rating.php(17): PDO->prepare('SELECT ROUND(AV...')
#1 {main}
  thrown in C:\xampp\htdocs\BookTalks-site\backend\rating.php on line 17
[02-Jun-2025 23:46:08 Europe/Berlin] PHP Warning:  Undefined variable $book_id in C:\xampp\htdocs\BookTalks-site\backend\rating.php on line 8
[02-Jun-2025 23:46:08 Europe/Berlin] rating.php вызван с book_id: 
[02-Jun-2025 23:46:08 Europe/Berlin] PHP Fatal error:  Uncaught PDOException: SQLSTATE[42S22]: Column not found: 1054 Unknown column 'rating' in 'field list' in C:\xampp\htdocs\BookTalks-site\backend\rating.php:17
Stack trace:
#0 C:\xampp\htdocs\BookTalks-site\backend\rating.php(17): PDO->prepare('SELECT ROUND(AV...')
#1 {main}
  thrown in C:\xampp\htdocs\BookTalks-site\backend\rating.php on line 17
[02-Jun-2025 23:53:54 Europe/Berlin] PHP Warning:  Undefined variable $book_id in C:\xampp\htdocs\BookTalks-site\backend\rating.php on line 8
[02-Jun-2025 23:53:54 Europe/Berlin] rating.php вызван с book_id: 
[02-Jun-2025 23:53:54 Europe/Berlin] PHP Fatal error:  Uncaught PDOException: SQLSTATE[42S22]: Column not found: 1054 Unknown column 'rating' in 'field list' in C:\xampp\htdocs\BookTalks-site\backend\rating.php:17
Stack trace:
#0 C:\xampp\htdocs\BookTalks-site\backend\rating.php(17): PDO->prepare('SELECT ROUND(AV...')
#1 {main}
  thrown in C:\xampp\htdocs\BookTalks-site\backend\rating.php on line 17
[02-Jun-2025 23:53:54 Europe/Berlin] PHP Warning:  Undefined variable $book_id in C:\xampp\htdocs\BookTalks-site\backend\rating.php on line 8
[02-Jun-2025 23:53:54 Europe/Berlin] rating.php вызван с book_id: 
[02-Jun-2025 23:53:54 Europe/Berlin] PHP Fatal error:  Uncaught PDOException: SQLSTATE[42S22]: Column not found: 1054 Unknown column 'rating' in 'field list' in C:\xampp\htdocs\BookTalks-site\backend\rating.php:17
Stack trace:
#0 C:\xampp\htdocs\BookTalks-site\backend\rating.php(17): PDO->prepare('SELECT ROUND(AV...')
#1 {main}
  thrown in C:\xampp\htdocs\BookTalks-site\backend\rating.php on line 17
[02-Jun-2025 23:53:58 Europe/Berlin] PHP Warning:  Undefined variable $book_id in C:\xampp\htdocs\BookTalks-site\backend\rating.php on line 8
[02-Jun-2025 23:53:58 Europe/Berlin] rating.php вызван с book_id: 
[02-Jun-2025 23:53:58 Europe/Berlin] PHP Fatal error:  Uncaught PDOException: SQLSTATE[42S22]: Column not found: 1054 Unknown column 'rating' in 'field list' in C:\xampp\htdocs\BookTalks-site\backend\rating.php:17
Stack trace:
#0 C:\xampp\htdocs\BookTalks-site\backend\rating.php(17): PDO->prepare('SELECT ROUND(AV...')
#1 {main}
  thrown in C:\xampp\htdocs\BookTalks-site\backend\rating.php on line 17
[02-Jun-2025 23:53:58 Europe/Berlin] PHP Warning:  Undefined variable $book_id in C:\xampp\htdocs\BookTalks-site\backend\rating.php on line 8
[02-Jun-2025 23:53:58 Europe/Berlin] rating.php вызван с book_id: 
[02-Jun-2025 23:53:58 Europe/Berlin] PHP Fatal error:  Uncaught PDOException: SQLSTATE[42S22]: Column not found: 1054 Unknown column 'rating' in 'field list' in C:\xampp\htdocs\BookTalks-site\backend\rating.php:17
Stack trace:
#0 C:\xampp\htdocs\BookTalks-site\backend\rating.php(17): PDO->prepare('SELECT ROUND(AV...')
#1 {main}
  thrown in C:\xampp\htdocs\BookTalks-site\backend\rating.php on line 17
[03-Jun-2025 00:04:32 Europe/Berlin] PHP Warning:  Undefined variable $book_id in C:\xampp\htdocs\BookTalks-site\backend\rating.php on line 8
[03-Jun-2025 00:04:32 Europe/Berlin] PHP Warning:  Undefined variable $book_id in C:\xampp\htdocs\BookTalks-site\backend\rating.php on line 8
[03-Jun-2025 00:04:32 Europe/Berlin] rating.php вызван с book_id: 
[03-Jun-2025 00:04:32 Europe/Berlin] rating.php вызван с book_id: 
[03-Jun-2025 00:04:32 Europe/Berlin] PHP Fatal error:  Uncaught PDOException: SQLSTATE[42S02]: Base table or view not found: 1146 Table 'booktalks.books' doesn't exist in C:\xampp\htdocs\BookTalks-site\backend\rating.php:16
Stack trace:
#0 C:\xampp\htdocs\BookTalks-site\backend\rating.php(16): PDO->prepare('SELECT b.title,...')
#1 {main}
  thrown in C:\xampp\htdocs\BookTalks-site\backend\rating.php on line 16
[03-Jun-2025 00:04:32 Europe/Berlin] PHP Fatal error:  Uncaught PDOException: SQLSTATE[42S02]: Base table or view not found: 1146 Table 'booktalks.books' doesn't exist in C:\xampp\htdocs\BookTalks-site\backend\rating.php:16
Stack trace:
#0 C:\xampp\htdocs\BookTalks-site\backend\rating.php(16): PDO->prepare('SELECT b.title,...')
#1 {main}
  thrown in C:\xampp\htdocs\BookTalks-site\backend\rating.php on line 16
[03-Jun-2025 00:05:01 Europe/Berlin] PHP Warning:  Undefined variable $book_id in C:\xampp\htdocs\BookTalks-site\backend\rating.php on line 8
[03-Jun-2025 00:05:01 Europe/Berlin] rating.php вызван с book_id: 
[03-Jun-2025 00:05:01 Europe/Berlin] PHP Fatal error:  Uncaught PDOException: SQLSTATE[42S02]: Base table or view not found: 1146 Table 'booktalks.books' doesn't exist in C:\xampp\htdocs\BookTalks-site\backend\rating.php:16
Stack trace:
#0 C:\xampp\htdocs\BookTalks-site\backend\rating.php(16): PDO->prepare('SELECT b.title,...')
#1 {main}
  thrown in C:\xampp\htdocs\BookTalks-site\backend\rating.php on line 16
[03-Jun-2025 00:05:01 Europe/Berlin] PHP Warning:  Undefined variable $book_id in C:\xampp\htdocs\BookTalks-site\backend\rating.php on line 8
[03-Jun-2025 00:05:01 Europe/Berlin] rating.php вызван с book_id: 
[03-Jun-2025 00:05:01 Europe/Berlin] PHP Fatal error:  Uncaught PDOException: SQLSTATE[42S02]: Base table or view not found: 1146 Table 'booktalks.books' doesn't exist in C:\xampp\htdocs\BookTalks-site\backend\rating.php:16
Stack trace:
#0 C:\xampp\htdocs\BookTalks-site\backend\rating.php(16): PDO->prepare('SELECT b.title,...')
#1 {main}
  thrown in C:\xampp\htdocs\BookTalks-site\backend\rating.php on line 16
[03-Jun-2025 00:05:06 Europe/Berlin] PHP Warning:  Undefined variable $book_id in C:\xampp\htdocs\BookTalks-site\backend\rating.php on line 8
[03-Jun-2025 00:05:06 Europe/Berlin] rating.php вызван с book_id: 
[03-Jun-2025 00:05:06 Europe/Berlin] PHP Fatal error:  Uncaught PDOException: SQLSTATE[42S02]: Base table or view not found: 1146 Table 'booktalks.books' doesn't exist in C:\xampp\htdocs\BookTalks-site\backend\rating.php:16
Stack trace:
#0 C:\xampp\htdocs\BookTalks-site\backend\rating.php(16): PDO->prepare('SELECT b.title,...')
#1 {main}
  thrown in C:\xampp\htdocs\BookTalks-site\backend\rating.php on line 16
[03-Jun-2025 00:05:06 Europe/Berlin] PHP Warning:  Undefined variable $book_id in C:\xampp\htdocs\BookTalks-site\backend\rating.php on line 8
[03-Jun-2025 00:05:06 Europe/Berlin] rating.php вызван с book_id: 
[03-Jun-2025 00:05:06 Europe/Berlin] PHP Fatal error:  Uncaught PDOException: SQLSTATE[42S02]: Base table or view not found: 1146 Table 'booktalks.books' doesn't exist in C:\xampp\htdocs\BookTalks-site\backend\rating.php:16
Stack trace:
#0 C:\xampp\htdocs\BookTalks-site\backend\rating.php(16): PDO->prepare('SELECT b.title,...')
#1 {main}
  thrown in C:\xampp\htdocs\BookTalks-site\backend\rating.php on line 16
[03-Jun-2025 00:05:09 Europe/Berlin] PHP Warning:  Undefined variable $book_id in C:\xampp\htdocs\BookTalks-site\backend\rating.php on line 8
[03-Jun-2025 00:05:09 Europe/Berlin] rating.php вызван с book_id: 
[03-Jun-2025 00:05:09 Europe/Berlin] PHP Fatal error:  Uncaught PDOException: SQLSTATE[42S02]: Base table or view not found: 1146 Table 'booktalks.books' doesn't exist in C:\xampp\htdocs\BookTalks-site\backend\rating.php:16
Stack trace:
#0 C:\xampp\htdocs\BookTalks-site\backend\rating.php(16): PDO->prepare('SELECT b.title,...')
#1 {main}
  thrown in C:\xampp\htdocs\BookTalks-site\backend\rating.php on line 16
[03-Jun-2025 00:05:09 Europe/Berlin] PHP Warning:  Undefined variable $book_id in C:\xampp\htdocs\BookTalks-site\backend\rating.php on line 8
[03-Jun-2025 00:05:09 Europe/Berlin] rating.php вызван с book_id: 
[03-Jun-2025 00:05:09 Europe/Berlin] PHP Fatal error:  Uncaught PDOException: SQLSTATE[42S02]: Base table or view not found: 1146 Table 'booktalks.books' doesn't exist in C:\xampp\htdocs\BookTalks-site\backend\rating.php:16
Stack trace:
#0 C:\xampp\htdocs\BookTalks-site\backend\rating.php(16): PDO->prepare('SELECT b.title,...')
#1 {main}
  thrown in C:\xampp\htdocs\BookTalks-site\backend\rating.php on line 16
[03-Jun-2025 00:05:13 Europe/Berlin] PHP Warning:  Undefined variable $book_id in C:\xampp\htdocs\BookTalks-site\backend\rating.php on line 8
[03-Jun-2025 00:05:13 Europe/Berlin] rating.php вызван с book_id: 
[03-Jun-2025 00:05:13 Europe/Berlin] PHP Fatal error:  Uncaught PDOException: SQLSTATE[42S02]: Base table or view not found: 1146 Table 'booktalks.books' doesn't exist in C:\xampp\htdocs\BookTalks-site\backend\rating.php:16
Stack trace:
#0 C:\xampp\htdocs\BookTalks-site\backend\rating.php(16): PDO->prepare('SELECT b.title,...')
#1 {main}
  thrown in C:\xampp\htdocs\BookTalks-site\backend\rating.php on line 16
[03-Jun-2025 00:05:13 Europe/Berlin] PHP Warning:  Undefined variable $book_id in C:\xampp\htdocs\BookTalks-site\backend\rating.php on line 8
[03-Jun-2025 00:05:13 Europe/Berlin] rating.php вызван с book_id: 
[03-Jun-2025 00:05:13 Europe/Berlin] PHP Fatal error:  Uncaught PDOException: SQLSTATE[42S02]: Base table or view not found: 1146 Table 'booktalks.books' doesn't exist in C:\xampp\htdocs\BookTalks-site\backend\rating.php:16
Stack trace:
#0 C:\xampp\htdocs\BookTalks-site\backend\rating.php(16): PDO->prepare('SELECT b.title,...')
#1 {main}
  thrown in C:\xampp\htdocs\BookTalks-site\backend\rating.php on line 16
[03-Jun-2025 00:05:15 Europe/Berlin] PHP Warning:  Undefined variable $book_id in C:\xampp\htdocs\BookTalks-site\backend\rating.php on line 8
[03-Jun-2025 00:05:15 Europe/Berlin] rating.php вызван с book_id: 
[03-Jun-2025 00:05:15 Europe/Berlin] PHP Fatal error:  Uncaught PDOException: SQLSTATE[42S02]: Base table or view not found: 1146 Table 'booktalks.books' doesn't exist in C:\xampp\htdocs\BookTalks-site\backend\rating.php:16
Stack trace:
#0 C:\xampp\htdocs\BookTalks-site\backend\rating.php(16): PDO->prepare('SELECT b.title,...')
#1 {main}
  thrown in C:\xampp\htdocs\BookTalks-site\backend\rating.php on line 16
[03-Jun-2025 00:05:15 Europe/Berlin] PHP Warning:  Undefined variable $book_id in C:\xampp\htdocs\BookTalks-site\backend\rating.php on line 8
[03-Jun-2025 00:05:15 Europe/Berlin] rating.php вызван с book_id: 
[03-Jun-2025 00:05:15 Europe/Berlin] PHP Fatal error:  Uncaught PDOException: SQLSTATE[42S02]: Base table or view not found: 1146 Table 'booktalks.books' doesn't exist in C:\xampp\htdocs\BookTalks-site\backend\rating.php:16
Stack trace:
#0 C:\xampp\htdocs\BookTalks-site\backend\rating.php(16): PDO->prepare('SELECT b.title,...')
#1 {main}
  thrown in C:\xampp\htdocs\BookTalks-site\backend\rating.php on line 16
[03-Jun-2025 00:05:19 Europe/Berlin] PHP Warning:  Undefined variable $book_id in C:\xampp\htdocs\BookTalks-site\backend\rating.php on line 8
[03-Jun-2025 00:05:19 Europe/Berlin] rating.php вызван с book_id: 
[03-Jun-2025 00:05:19 Europe/Berlin] PHP Fatal error:  Uncaught PDOException: SQLSTATE[42S02]: Base table or view not found: 1146 Table 'booktalks.books' doesn't exist in C:\xampp\htdocs\BookTalks-site\backend\rating.php:16
Stack trace:
#0 C:\xampp\htdocs\BookTalks-site\backend\rating.php(16): PDO->prepare('SELECT b.title,...')
#1 {main}
  thrown in C:\xampp\htdocs\BookTalks-site\backend\rating.php on line 16
[03-Jun-2025 00:05:19 Europe/Berlin] PHP Warning:  Undefined variable $book_id in C:\xampp\htdocs\BookTalks-site\backend\rating.php on line 8
[03-Jun-2025 00:05:19 Europe/Berlin] rating.php вызван с book_id: 
[03-Jun-2025 00:05:19 Europe/Berlin] PHP Fatal error:  Uncaught PDOException: SQLSTATE[42S02]: Base table or view not found: 1146 Table 'booktalks.books' doesn't exist in C:\xampp\htdocs\BookTalks-site\backend\rating.php:16
Stack trace:
#0 C:\xampp\htdocs\BookTalks-site\backend\rating.php(16): PDO->prepare('SELECT b.title,...')
#1 {main}
  thrown in C:\xampp\htdocs\BookTalks-site\backend\rating.php on line 16
[03-Jun-2025 00:05:19 Europe/Berlin] PHP Warning:  Undefined variable $book_id in C:\xampp\htdocs\BookTalks-site\backend\rating.php on line 8
[03-Jun-2025 00:05:19 Europe/Berlin] rating.php вызван с book_id: 
[03-Jun-2025 00:05:19 Europe/Berlin] PHP Fatal error:  Uncaught PDOException: SQLSTATE[42S02]: Base table or view not found: 1146 Table 'booktalks.books' doesn't exist in C:\xampp\htdocs\BookTalks-site\backend\rating.php:16
Stack trace:
#0 C:\xampp\htdocs\BookTalks-site\backend\rating.php(16): PDO->prepare('SELECT b.title,...')
#1 {main}
  thrown in C:\xampp\htdocs\BookTalks-site\backend\rating.php on line 16
[03-Jun-2025 00:05:19 Europe/Berlin] PHP Warning:  Undefined variable $book_id in C:\xampp\htdocs\BookTalks-site\backend\rating.php on line 8
[03-Jun-2025 00:05:19 Europe/Berlin] rating.php вызван с book_id: 
[03-Jun-2025 00:05:19 Europe/Berlin] PHP Fatal error:  Uncaught PDOException: SQLSTATE[42S02]: Base table or view not found: 1146 Table 'booktalks.books' doesn't exist in C:\xampp\htdocs\BookTalks-site\backend\rating.php:16
Stack trace:
#0 C:\xampp\htdocs\BookTalks-site\backend\rating.php(16): PDO->prepare('SELECT b.title,...')
#1 {main}
  thrown in C:\xampp\htdocs\BookTalks-site\backend\rating.php on line 16
[03-Jun-2025 00:05:19 Europe/Berlin] PHP Warning:  Undefined variable $book_id in C:\xampp\htdocs\BookTalks-site\backend\rating.php on line 8
[03-Jun-2025 00:05:19 Europe/Berlin] rating.php вызван с book_id: 
[03-Jun-2025 00:05:19 Europe/Berlin] PHP Fatal error:  Uncaught PDOException: SQLSTATE[42S02]: Base table or view not found: 1146 Table 'booktalks.books' doesn't exist in C:\xampp\htdocs\BookTalks-site\backend\rating.php:16
Stack trace:
#0 C:\xampp\htdocs\BookTalks-site\backend\rating.php(16): PDO->prepare('SELECT b.title,...')
#1 {main}
  thrown in C:\xampp\htdocs\BookTalks-site\backend\rating.php on line 16
[03-Jun-2025 00:05:19 Europe/Berlin] PHP Warning:  Undefined variable $book_id in C:\xampp\htdocs\BookTalks-site\backend\rating.php on line 8
[03-Jun-2025 00:05:19 Europe/Berlin] rating.php вызван с book_id: 
[03-Jun-2025 00:05:19 Europe/Berlin] PHP Fatal error:  Uncaught PDOException: SQLSTATE[42S02]: Base table or view not found: 1146 Table 'booktalks.books' doesn't exist in C:\xampp\htdocs\BookTalks-site\backend\rating.php:16
Stack trace:
#0 C:\xampp\htdocs\BookTalks-site\backend\rating.php(16): PDO->prepare('SELECT b.title,...')
#1 {main}
  thrown in C:\xampp\htdocs\BookTalks-site\backend\rating.php on line 16
[03-Jun-2025 00:05:19 Europe/Berlin] PHP Warning:  Undefined variable $book_id in C:\xampp\htdocs\BookTalks-site\backend\rating.php on line 8
[03-Jun-2025 00:05:19 Europe/Berlin] rating.php вызван с book_id: 
[03-Jun-2025 00:05:19 Europe/Berlin] PHP Fatal error:  Uncaught PDOException: SQLSTATE[42S02]: Base table or view not found: 1146 Table 'booktalks.books' doesn't exist in C:\xampp\htdocs\BookTalks-site\backend\rating.php:16
Stack trace:
#0 C:\xampp\htdocs\BookTalks-site\backend\rating.php(16): PDO->prepare('SELECT b.title,...')
#1 {main}
  thrown in C:\xampp\htdocs\BookTalks-site\backend\rating.php on line 16
[03-Jun-2025 00:05:19 Europe/Berlin] PHP Warning:  Undefined variable $book_id in C:\xampp\htdocs\BookTalks-site\backend\rating.php on line 8
[03-Jun-2025 00:05:19 Europe/Berlin] rating.php вызван с book_id: 
[03-Jun-2025 00:05:19 Europe/Berlin] PHP Fatal error:  Uncaught PDOException: SQLSTATE[42S02]: Base table or view not found: 1146 Table 'booktalks.books' doesn't exist in C:\xampp\htdocs\BookTalks-site\backend\rating.php:16
Stack trace:
#0 C:\xampp\htdocs\BookTalks-site\backend\rating.php(16): PDO->prepare('SELECT b.title,...')
#1 {main}
  thrown in C:\xampp\htdocs\BookTalks-site\backend\rating.php on line 16
[03-Jun-2025 00:05:20 Europe/Berlin] PHP Warning:  Undefined variable $book_id in C:\xampp\htdocs\BookTalks-site\backend\rating.php on line 8
[03-Jun-2025 00:05:20 Europe/Berlin] rating.php вызван с book_id: 
[03-Jun-2025 00:05:20 Europe/Berlin] PHP Warning:  Undefined variable $book_id in C:\xampp\htdocs\BookTalks-site\backend\rating.php on line 8
[03-Jun-2025 00:05:20 Europe/Berlin] rating.php вызван с book_id: 
[03-Jun-2025 00:05:20 Europe/Berlin] PHP Fatal error:  Uncaught PDOException: SQLSTATE[42S02]: Base table or view not found: 1146 Table 'booktalks.books' doesn't exist in C:\xampp\htdocs\BookTalks-site\backend\rating.php:16
Stack trace:
#0 C:\xampp\htdocs\BookTalks-site\backend\rating.php(16): PDO->prepare('SELECT b.title,...')
#1 {main}
  thrown in C:\xampp\htdocs\BookTalks-site\backend\rating.php on line 16
[03-Jun-2025 00:05:20 Europe/Berlin] PHP Fatal error:  Uncaught PDOException: SQLSTATE[42S02]: Base table or view not found: 1146 Table 'booktalks.books' doesn't exist in C:\xampp\htdocs\BookTalks-site\backend\rating.php:16
Stack trace:
#0 C:\xampp\htdocs\BookTalks-site\backend\rating.php(16): PDO->prepare('SELECT b.title,...')
#1 {main}
  thrown in C:\xampp\htdocs\BookTalks-site\backend\rating.php on line 16
[03-Jun-2025 00:05:20 Europe/Berlin] PHP Warning:  Undefined variable $book_id in C:\xampp\htdocs\BookTalks-site\backend\rating.php on line 8
[03-Jun-2025 00:05:20 Europe/Berlin] rating.php вызван с book_id: 
[03-Jun-2025 00:05:20 Europe/Berlin] PHP Fatal error:  Uncaught PDOException: SQLSTATE[42S02]: Base table or view not found: 1146 Table 'booktalks.books' doesn't exist in C:\xampp\htdocs\BookTalks-site\backend\rating.php:16
Stack trace:
#0 C:\xampp\htdocs\BookTalks-site\backend\rating.php(16): PDO->prepare('SELECT b.title,...')
#1 {main}
  thrown in C:\xampp\htdocs\BookTalks-site\backend\rating.php on line 16
[03-Jun-2025 00:05:20 Europe/Berlin] PHP Warning:  Undefined variable $book_id in C:\xampp\htdocs\BookTalks-site\backend\rating.php on line 8
[03-Jun-2025 00:05:20 Europe/Berlin] rating.php вызван с book_id: 
[03-Jun-2025 00:05:20 Europe/Berlin] PHP Fatal error:  Uncaught PDOException: SQLSTATE[42S02]: Base table or view not found: 1146 Table 'booktalks.books' doesn't exist in C:\xampp\htdocs\BookTalks-site\backend\rating.php:16
Stack trace:
#0 C:\xampp\htdocs\BookTalks-site\backend\rating.php(16): PDO->prepare('SELECT b.title,...')
#1 {main}
  thrown in C:\xampp\htdocs\BookTalks-site\backend\rating.php on line 16
[03-Jun-2025 00:05:20 Europe/Berlin] PHP Warning:  Undefined variable $book_id in C:\xampp\htdocs\BookTalks-site\backend\rating.php on line 8
[03-Jun-2025 00:05:20 Europe/Berlin] rating.php вызван с book_id: 
[03-Jun-2025 00:05:20 Europe/Berlin] PHP Fatal error:  Uncaught PDOException: SQLSTATE[42S02]: Base table or view not found: 1146 Table 'booktalks.books' doesn't exist in C:\xampp\htdocs\BookTalks-site\backend\rating.php:16
Stack trace:
#0 C:\xampp\htdocs\BookTalks-site\backend\rating.php(16): PDO->prepare('SELECT b.title,...')
#1 {main}
  thrown in C:\xampp\htdocs\BookTalks-site\backend\rating.php on line 16
[03-Jun-2025 00:05:20 Europe/Berlin] PHP Warning:  Undefined variable $book_id in C:\xampp\htdocs\BookTalks-site\backend\rating.php on line 8
[03-Jun-2025 00:05:20 Europe/Berlin] rating.php вызван с book_id: 
[03-Jun-2025 00:05:20 Europe/Berlin] PHP Fatal error:  Uncaught PDOException: SQLSTATE[42S02]: Base table or view not found: 1146 Table 'booktalks.books' doesn't exist in C:\xampp\htdocs\BookTalks-site\backend\rating.php:16
Stack trace:
#0 C:\xampp\htdocs\BookTalks-site\backend\rating.php(16): PDO->prepare('SELECT b.title,...')
#1 {main}
  thrown in C:\xampp\htdocs\BookTalks-site\backend\rating.php on line 16
[03-Jun-2025 00:05:20 Europe/Berlin] PHP Warning:  Undefined variable $book_id in C:\xampp\htdocs\BookTalks-site\backend\rating.php on line 8
[03-Jun-2025 00:05:20 Europe/Berlin] rating.php вызван с book_id: 
[03-Jun-2025 00:05:20 Europe/Berlin] PHP Fatal error:  Uncaught PDOException: SQLSTATE[42S02]: Base table or view not found: 1146 Table 'booktalks.books' doesn't exist in C:\xampp\htdocs\BookTalks-site\backend\rating.php:16
Stack trace:
#0 C:\xampp\htdocs\BookTalks-site\backend\rating.php(16): PDO->prepare('SELECT b.title,...')
#1 {main}
  thrown in C:\xampp\htdocs\BookTalks-site\backend\rating.php on line 16
[03-Jun-2025 00:05:20 Europe/Berlin] PHP Warning:  Undefined variable $book_id in C:\xampp\htdocs\BookTalks-site\backend\rating.php on line 8
[03-Jun-2025 00:05:20 Europe/Berlin] rating.php вызван с book_id: 
[03-Jun-2025 00:05:20 Europe/Berlin] PHP Fatal error:  Uncaught PDOException: SQLSTATE[42S02]: Base table or view not found: 1146 Table 'booktalks.books' doesn't exist in C:\xampp\htdocs\BookTalks-site\backend\rating.php:16
Stack trace:
#0 C:\xampp\htdocs\BookTalks-site\backend\rating.php(16): PDO->prepare('SELECT b.title,...')
#1 {main}
  thrown in C:\xampp\htdocs\BookTalks-site\backend\rating.php on line 16
[03-Jun-2025 00:05:20 Europe/Berlin] PHP Warning:  Undefined variable $book_id in C:\xampp\htdocs\BookTalks-site\backend\rating.php on line 8
[03-Jun-2025 00:05:20 Europe/Berlin] rating.php вызван с book_id: 
[03-Jun-2025 00:05:20 Europe/Berlin] PHP Fatal error:  Uncaught PDOException: SQLSTATE[42S02]: Base table or view not found: 1146 Table 'booktalks.books' doesn't exist in C:\xampp\htdocs\BookTalks-site\backend\rating.php:16
Stack trace:
#0 C:\xampp\htdocs\BookTalks-site\backend\rating.php(16): PDO->prepare('SELECT b.title,...')
#1 {main}
  thrown in C:\xampp\htdocs\BookTalks-site\backend\rating.php on line 16
[03-Jun-2025 00:05:20 Europe/Berlin] PHP Warning:  Undefined variable $book_id in C:\xampp\htdocs\BookTalks-site\backend\rating.php on line 8
[03-Jun-2025 00:05:20 Europe/Berlin] rating.php вызван с book_id: 
[03-Jun-2025 00:05:20 Europe/Berlin] PHP Fatal error:  Uncaught PDOException: SQLSTATE[42S02]: Base table or view not found: 1146 Table 'booktalks.books' doesn't exist in C:\xampp\htdocs\BookTalks-site\backend\rating.php:16
Stack trace:
#0 C:\xampp\htdocs\BookTalks-site\backend\rating.php(16): PDO->prepare('SELECT b.title,...')
#1 {main}
  thrown in C:\xampp\htdocs\BookTalks-site\backend\rating.php on line 16
[03-Jun-2025 00:05:20 Europe/Berlin] PHP Warning:  Undefined variable $book_id in C:\xampp\htdocs\BookTalks-site\backend\rating.php on line 8
[03-Jun-2025 00:05:20 Europe/Berlin] rating.php вызван с book_id: 
[03-Jun-2025 00:05:20 Europe/Berlin] PHP Fatal error:  Uncaught PDOException: SQLSTATE[42S02]: Base table or view not found: 1146 Table 'booktalks.books' doesn't exist in C:\xampp\htdocs\BookTalks-site\backend\rating.php:16
Stack trace:
#0 C:\xampp\htdocs\BookTalks-site\backend\rating.php(16): PDO->prepare('SELECT b.title,...')
#1 {main}
  thrown in C:\xampp\htdocs\BookTalks-site\backend\rating.php on line 16
[03-Jun-2025 00:05:20 Europe/Berlin] PHP Warning:  Undefined variable $book_id in C:\xampp\htdocs\BookTalks-site\backend\rating.php on line 8
[03-Jun-2025 00:05:20 Europe/Berlin] rating.php вызван с book_id: 
[03-Jun-2025 00:05:20 Europe/Berlin] PHP Fatal error:  Uncaught PDOException: SQLSTATE[42S02]: Base table or view not found: 1146 Table 'booktalks.books' doesn't exist in C:\xampp\htdocs\BookTalks-site\backend\rating.php:16
Stack trace:
#0 C:\xampp\htdocs\BookTalks-site\backend\rating.php(16): PDO->prepare('SELECT b.title,...')
#1 {main}
  thrown in C:\xampp\htdocs\BookTalks-site\backend\rating.php on line 16
[03-Jun-2025 00:05:21 Europe/Berlin] PHP Warning:  Undefined variable $book_id in C:\xampp\htdocs\BookTalks-site\backend\rating.php on line 8
[03-Jun-2025 00:05:21 Europe/Berlin] rating.php вызван с book_id: 
[03-Jun-2025 00:05:21 Europe/Berlin] PHP Fatal error:  Uncaught PDOException: SQLSTATE[42S02]: Base table or view not found: 1146 Table 'booktalks.books' doesn't exist in C:\xampp\htdocs\BookTalks-site\backend\rating.php:16
Stack trace:
#0 C:\xampp\htdocs\BookTalks-site\backend\rating.php(16): PDO->prepare('SELECT b.title,...')
#1 {main}
  thrown in C:\xampp\htdocs\BookTalks-site\backend\rating.php on line 16
[03-Jun-2025 00:05:21 Europe/Berlin] PHP Warning:  Undefined variable $book_id in C:\xampp\htdocs\BookTalks-site\backend\rating.php on line 8
[03-Jun-2025 00:05:21 Europe/Berlin] rating.php вызван с book_id: 
[03-Jun-2025 00:05:21 Europe/Berlin] PHP Fatal error:  Uncaught PDOException: SQLSTATE[42S02]: Base table or view not found: 1146 Table 'booktalks.books' doesn't exist in C:\xampp\htdocs\BookTalks-site\backend\rating.php:16
Stack trace:
#0 C:\xampp\htdocs\BookTalks-site\backend\rating.php(16): PDO->prepare('SELECT b.title,...')
#1 {main}
  thrown in C:\xampp\htdocs\BookTalks-site\backend\rating.php on line 16
[03-Jun-2025 00:05:21 Europe/Berlin] PHP Warning:  Undefined variable $book_id in C:\xampp\htdocs\BookTalks-site\backend\rating.php on line 8
[03-Jun-2025 00:05:21 Europe/Berlin] rating.php вызван с book_id: 
[03-Jun-2025 00:05:21 Europe/Berlin] PHP Fatal error:  Uncaught PDOException: SQLSTATE[42S02]: Base table or view not found: 1146 Table 'booktalks.books' doesn't exist in C:\xampp\htdocs\BookTalks-site\backend\rating.php:16
Stack trace:
#0 C:\xampp\htdocs\BookTalks-site\backend\rating.php(16): PDO->prepare('SELECT b.title,...')
#1 {main}
  thrown in C:\xampp\htdocs\BookTalks-site\backend\rating.php on line 16
[03-Jun-2025 00:05:21 Europe/Berlin] PHP Warning:  Undefined variable $book_id in C:\xampp\htdocs\BookTalks-site\backend\rating.php on line 8
[03-Jun-2025 00:05:21 Europe/Berlin] rating.php вызван с book_id: 
[03-Jun-2025 00:05:21 Europe/Berlin] PHP Fatal error:  Uncaught PDOException: SQLSTATE[42S02]: Base table or view not found: 1146 Table 'booktalks.books' doesn't exist in C:\xampp\htdocs\BookTalks-site\backend\rating.php:16
Stack trace:
#0 C:\xampp\htdocs\BookTalks-site\backend\rating.php(16): PDO->prepare('SELECT b.title,...')
#1 {main}
  thrown in C:\xampp\htdocs\BookTalks-site\backend\rating.php on line 16
[03-Jun-2025 00:05:21 Europe/Berlin] PHP Warning:  Undefined variable $book_id in C:\xampp\htdocs\BookTalks-site\backend\rating.php on line 8
[03-Jun-2025 00:05:21 Europe/Berlin] rating.php вызван с book_id: 
[03-Jun-2025 00:05:21 Europe/Berlin] PHP Warning:  Undefined variable $book_id in C:\xampp\htdocs\BookTalks-site\backend\rating.php on line 8
[03-Jun-2025 00:05:21 Europe/Berlin] rating.php вызван с book_id: 
[03-Jun-2025 00:05:21 Europe/Berlin] PHP Fatal error:  Uncaught PDOException: SQLSTATE[42S02]: Base table or view not found: 1146 Table 'booktalks.books' doesn't exist in C:\xampp\htdocs\BookTalks-site\backend\rating.php:16
Stack trace:
#0 C:\xampp\htdocs\BookTalks-site\backend\rating.php(16): PDO->prepare('SELECT b.title,...')
#1 {main}
  thrown in C:\xampp\htdocs\BookTalks-site\backend\rating.php on line 16
[03-Jun-2025 00:05:21 Europe/Berlin] PHP Fatal error:  Uncaught PDOException: SQLSTATE[42S02]: Base table or view not found: 1146 Table 'booktalks.books' doesn't exist in C:\xampp\htdocs\BookTalks-site\backend\rating.php:16
Stack trace:
#0 C:\xampp\htdocs\BookTalks-site\backend\rating.php(16): PDO->prepare('SELECT b.title,...')
#1 {main}
  thrown in C:\xampp\htdocs\BookTalks-site\backend\rating.php on line 16
[03-Jun-2025 00:05:21 Europe/Berlin] PHP Warning:  Undefined variable $book_id in C:\xampp\htdocs\BookTalks-site\backend\rating.php on line 8
[03-Jun-2025 00:05:21 Europe/Berlin] rating.php вызван с book_id: 
[03-Jun-2025 00:05:21 Europe/Berlin] PHP Warning:  Undefined variable $book_id in C:\xampp\htdocs\BookTalks-site\backend\rating.php on line 8
[03-Jun-2025 00:05:21 Europe/Berlin] rating.php вызван с book_id: 
[03-Jun-2025 00:05:21 Europe/Berlin] PHP Fatal error:  Uncaught PDOException: SQLSTATE[42S02]: Base table or view not found: 1146 Table 'booktalks.books' doesn't exist in C:\xampp\htdocs\BookTalks-site\backend\rating.php:16
Stack trace:
#0 C:\xampp\htdocs\BookTalks-site\backend\rating.php(16): PDO->prepare('SELECT b.title,...')
#1 {main}
  thrown in C:\xampp\htdocs\BookTalks-site\backend\rating.php on line 16
[03-Jun-2025 00:05:21 Europe/Berlin] PHP Fatal error:  Uncaught PDOException: SQLSTATE[42S02]: Base table or view not found: 1146 Table 'booktalks.books' doesn't exist in C:\xampp\htdocs\BookTalks-site\backend\rating.php:16
Stack trace:
#0 C:\xampp\htdocs\BookTalks-site\backend\rating.php(16): PDO->prepare('SELECT b.title,...')
#1 {main}
  thrown in C:\xampp\htdocs\BookTalks-site\backend\rating.php on line 16
[03-Jun-2025 00:05:21 Europe/Berlin] PHP Warning:  Undefined variable $book_id in C:\xampp\htdocs\BookTalks-site\backend\rating.php on line 8
[03-Jun-2025 00:05:21 Europe/Berlin] rating.php вызван с book_id: 
[03-Jun-2025 00:05:21 Europe/Berlin] PHP Fatal error:  Uncaught PDOException: SQLSTATE[42S02]: Base table or view not found: 1146 Table 'booktalks.books' doesn't exist in C:\xampp\htdocs\BookTalks-site\backend\rating.php:16
Stack trace:
#0 C:\xampp\htdocs\BookTalks-site\backend\rating.php(16): PDO->prepare('SELECT b.title,...')
#1 {main}
  thrown in C:\xampp\htdocs\BookTalks-site\backend\rating.php on line 16
[03-Jun-2025 00:05:21 Europe/Berlin] PHP Warning:  Undefined variable $book_id in C:\xampp\htdocs\BookTalks-site\backend\rating.php on line 8
[03-Jun-2025 00:05:21 Europe/Berlin] rating.php вызван с book_id: 
[03-Jun-2025 00:05:21 Europe/Berlin] PHP Fatal error:  Uncaught PDOException: SQLSTATE[42S02]: Base table or view not found: 1146 Table 'booktalks.books' doesn't exist in C:\xampp\htdocs\BookTalks-site\backend\rating.php:16
Stack trace:
#0 C:\xampp\htdocs\BookTalks-site\backend\rating.php(16): PDO->prepare('SELECT b.title,...')
#1 {main}
  thrown in C:\xampp\htdocs\BookTalks-site\backend\rating.php on line 16
[03-Jun-2025 00:05:21 Europe/Berlin] PHP Warning:  Undefined variable $book_id in C:\xampp\htdocs\BookTalks-site\backend\rating.php on line 8
[03-Jun-2025 00:05:21 Europe/Berlin] rating.php вызван с book_id: 
[03-Jun-2025 00:05:21 Europe/Berlin] PHP Fatal error:  Uncaught PDOException: SQLSTATE[42S02]: Base table or view not found: 1146 Table 'booktalks.books' doesn't exist in C:\xampp\htdocs\BookTalks-site\backend\rating.php:16
Stack trace:
#0 C:\xampp\htdocs\BookTalks-site\backend\rating.php(16): PDO->prepare('SELECT b.title,...')
#1 {main}
  thrown in C:\xampp\htdocs\BookTalks-site\backend\rating.php on line 16
[03-Jun-2025 00:05:21 Europe/Berlin] PHP Warning:  Undefined variable $book_id in C:\xampp\htdocs\BookTalks-site\backend\rating.php on line 8
[03-Jun-2025 00:05:21 Europe/Berlin] rating.php вызван с book_id: 
[03-Jun-2025 00:05:21 Europe/Berlin] PHP Fatal error:  Uncaught PDOException: SQLSTATE[42S02]: Base table or view not found: 1146 Table 'booktalks.books' doesn't exist in C:\xampp\htdocs\BookTalks-site\backend\rating.php:16
Stack trace:
#0 C:\xampp\htdocs\BookTalks-site\backend\rating.php(16): PDO->prepare('SELECT b.title,...')
#1 {main}
  thrown in C:\xampp\htdocs\BookTalks-site\backend\rating.php on line 16
[03-Jun-2025 00:05:22 Europe/Berlin] PHP Warning:  Undefined variable $book_id in C:\xampp\htdocs\BookTalks-site\backend\rating.php on line 8
[03-Jun-2025 00:05:22 Europe/Berlin] rating.php вызван с book_id: 
[03-Jun-2025 00:05:22 Europe/Berlin] PHP Fatal error:  Uncaught PDOException: SQLSTATE[42S02]: Base table or view not found: 1146 Table 'booktalks.books' doesn't exist in C:\xampp\htdocs\BookTalks-site\backend\rating.php:16
Stack trace:
#0 C:\xampp\htdocs\BookTalks-site\backend\rating.php(16): PDO->prepare('SELECT b.title,...')
#1 {main}
  thrown in C:\xampp\htdocs\BookTalks-site\backend\rating.php on line 16
[03-Jun-2025 00:05:22 Europe/Berlin] PHP Warning:  Undefined variable $book_id in C:\xampp\htdocs\BookTalks-site\backend\rating.php on line 8
[03-Jun-2025 00:05:22 Europe/Berlin] rating.php вызван с book_id: 
[03-Jun-2025 00:05:22 Europe/Berlin] PHP Fatal error:  Uncaught PDOException: SQLSTATE[42S02]: Base table or view not found: 1146 Table 'booktalks.books' doesn't exist in C:\xampp\htdocs\BookTalks-site\backend\rating.php:16
Stack trace:
#0 C:\xampp\htdocs\BookTalks-site\backend\rating.php(16): PDO->prepare('SELECT b.title,...')
#1 {main}
  thrown in C:\xampp\htdocs\BookTalks-site\backend\rating.php on line 16
[03-Jun-2025 00:05:22 Europe/Berlin] PHP Warning:  Undefined variable $book_id in C:\xampp\htdocs\BookTalks-site\backend\rating.php on line 8
[03-Jun-2025 00:05:22 Europe/Berlin] rating.php вызван с book_id: 
[03-Jun-2025 00:05:22 Europe/Berlin] PHP Fatal error:  Uncaught PDOException: SQLSTATE[42S02]: Base table or view not found: 1146 Table 'booktalks.books' doesn't exist in C:\xampp\htdocs\BookTalks-site\backend\rating.php:16
Stack trace:
#0 C:\xampp\htdocs\BookTalks-site\backend\rating.php(16): PDO->prepare('SELECT b.title,...')
#1 {main}
  thrown in C:\xampp\htdocs\BookTalks-site\backend\rating.php on line 16
[03-Jun-2025 00:05:22 Europe/Berlin] PHP Warning:  Undefined variable $book_id in C:\xampp\htdocs\BookTalks-site\backend\rating.php on line 8
[03-Jun-2025 00:05:22 Europe/Berlin] rating.php вызван с book_id: 
[03-Jun-2025 00:05:22 Europe/Berlin] PHP Fatal error:  Uncaught PDOException: SQLSTATE[42S02]: Base table or view not found: 1146 Table 'booktalks.books' doesn't exist in C:\xampp\htdocs\BookTalks-site\backend\rating.php:16
Stack trace:
#0 C:\xampp\htdocs\BookTalks-site\backend\rating.php(16): PDO->prepare('SELECT b.title,...')
#1 {main}
  thrown in C:\xampp\htdocs\BookTalks-site\backend\rating.php on line 16
[03-Jun-2025 00:05:22 Europe/Berlin] PHP Warning:  Undefined variable $book_id in C:\xampp\htdocs\BookTalks-site\backend\rating.php on line 8
[03-Jun-2025 00:05:22 Europe/Berlin] rating.php вызван с book_id: 
[03-Jun-2025 00:05:22 Europe/Berlin] PHP Fatal error:  Uncaught PDOException: SQLSTATE[42S02]: Base table or view not found: 1146 Table 'booktalks.books' doesn't exist in C:\xampp\htdocs\BookTalks-site\backend\rating.php:16
Stack trace:
#0 C:\xampp\htdocs\BookTalks-site\backend\rating.php(16): PDO->prepare('SELECT b.title,...')
#1 {main}
  thrown in C:\xampp\htdocs\BookTalks-site\backend\rating.php on line 16
[03-Jun-2025 00:05:22 Europe/Berlin] PHP Warning:  Undefined variable $book_id in C:\xampp\htdocs\BookTalks-site\backend\rating.php on line 8
[03-Jun-2025 00:05:22 Europe/Berlin] rating.php вызван с book_id: 
[03-Jun-2025 00:05:22 Europe/Berlin] PHP Fatal error:  Uncaught PDOException: SQLSTATE[42S02]: Base table or view not found: 1146 Table 'booktalks.books' doesn't exist in C:\xampp\htdocs\BookTalks-site\backend\rating.php:16
Stack trace:
#0 C:\xampp\htdocs\BookTalks-site\backend\rating.php(16): PDO->prepare('SELECT b.title,...')
#1 {main}
  thrown in C:\xampp\htdocs\BookTalks-site\backend\rating.php on line 16
[03-Jun-2025 00:05:22 Europe/Berlin] PHP Warning:  Undefined variable $book_id in C:\xampp\htdocs\BookTalks-site\backend\rating.php on line 8
[03-Jun-2025 00:05:22 Europe/Berlin] rating.php вызван с book_id: 
[03-Jun-2025 00:05:22 Europe/Berlin] PHP Fatal error:  Uncaught PDOException: SQLSTATE[42S02]: Base table or view not found: 1146 Table 'booktalks.books' doesn't exist in C:\xampp\htdocs\BookTalks-site\backend\rating.php:16
Stack trace:
#0 C:\xampp\htdocs\BookTalks-site\backend\rating.php(16): PDO->prepare('SELECT b.title,...')
#1 {main}
  thrown in C:\xampp\htdocs\BookTalks-site\backend\rating.php on line 16
[03-Jun-2025 00:05:22 Europe/Berlin] PHP Warning:  Undefined variable $book_id in C:\xampp\htdocs\BookTalks-site\backend\rating.php on line 8
[03-Jun-2025 00:05:22 Europe/Berlin] rating.php вызван с book_id: 
[03-Jun-2025 00:05:22 Europe/Berlin] PHP Fatal error:  Uncaught PDOException: SQLSTATE[42S02]: Base table or view not found: 1146 Table 'booktalks.books' doesn't exist in C:\xampp\htdocs\BookTalks-site\backend\rating.php:16
Stack trace:
#0 C:\xampp\htdocs\BookTalks-site\backend\rating.php(16): PDO->prepare('SELECT b.title,...')
#1 {main}
  thrown in C:\xampp\htdocs\BookTalks-site\backend\rating.php on line 16
[03-Jun-2025 00:14:24 Europe/Berlin] PHP Warning:  Undefined variable $book_id in C:\xampp\htdocs\BookTalks-site\backend\rating.php on line 8
[03-Jun-2025 00:14:24 Europe/Berlin] rating.php вызван с book_id: 
[03-Jun-2025 00:14:24 Europe/Berlin] PHP Fatal error:  Uncaught PDOException: SQLSTATE[42S02]: Base table or view not found: 1146 Table 'booktalks.books' doesn't exist in C:\xampp\htdocs\BookTalks-site\backend\rating.php:16
Stack trace:
#0 C:\xampp\htdocs\BookTalks-site\backend\rating.php(16): PDO->prepare('SELECT b.title,...')
#1 {main}
  thrown in C:\xampp\htdocs\BookTalks-site\backend\rating.php on line 16
[03-Jun-2025 00:17:16 Europe/Berlin] PHP Warning:  Undefined variable $book_id in C:\xampp\htdocs\BookTalks-site\backend\rating.php on line 8
[03-Jun-2025 00:17:16 Europe/Berlin] rating.php вызван с book_id: 
[03-Jun-2025 00:17:16 Europe/Berlin] PHP Fatal error:  Uncaught PDOException: SQLSTATE[42S22]: Column not found: 1054 Unknown column 'r.rating' in 'field list' in C:\xampp\htdocs\BookTalks-site\backend\rating.php:16
Stack trace:
#0 C:\xampp\htdocs\BookTalks-site\backend\rating.php(16): PDO->prepare('SELECT b.id, b....')
#1 {main}
  thrown in C:\xampp\htdocs\BookTalks-site\backend\rating.php on line 16
[03-Jun-2025 00:17:16 Europe/Berlin] PHP Warning:  Undefined variable $book_id in C:\xampp\htdocs\BookTalks-site\backend\rating.php on line 8
[03-Jun-2025 00:17:16 Europe/Berlin] rating.php вызван с book_id: 
[03-Jun-2025 00:17:16 Europe/Berlin] PHP Fatal error:  Uncaught PDOException: SQLSTATE[42S22]: Column not found: 1054 Unknown column 'r.rating' in 'field list' in C:\xampp\htdocs\BookTalks-site\backend\rating.php:16
Stack trace:
#0 C:\xampp\htdocs\BookTalks-site\backend\rating.php(16): PDO->prepare('SELECT b.id, b....')
#1 {main}
  thrown in C:\xampp\htdocs\BookTalks-site\backend\rating.php on line 16
[03-Jun-2025 00:17:18 Europe/Berlin] PHP Warning:  Undefined variable $book_id in C:\xampp\htdocs\BookTalks-site\backend\rating.php on line 8
[03-Jun-2025 00:17:18 Europe/Berlin] rating.php вызван с book_id: 
[03-Jun-2025 00:17:18 Europe/Berlin] PHP Fatal error:  Uncaught PDOException: SQLSTATE[42S22]: Column not found: 1054 Unknown column 'r.rating' in 'field list' in C:\xampp\htdocs\BookTalks-site\backend\rating.php:16
Stack trace:
#0 C:\xampp\htdocs\BookTalks-site\backend\rating.php(16): PDO->prepare('SELECT b.id, b....')
#1 {main}
  thrown in C:\xampp\htdocs\BookTalks-site\backend\rating.php on line 16
[03-Jun-2025 00:17:18 Europe/Berlin] PHP Warning:  Undefined variable $book_id in C:\xampp\htdocs\BookTalks-site\backend\rating.php on line 8
[03-Jun-2025 00:17:18 Europe/Berlin] rating.php вызван с book_id: 
[03-Jun-2025 00:17:18 Europe/Berlin] PHP Fatal error:  Uncaught PDOException: SQLSTATE[42S22]: Column not found: 1054 Unknown column 'r.rating' in 'field list' in C:\xampp\htdocs\BookTalks-site\backend\rating.php:16
Stack trace:
#0 C:\xampp\htdocs\BookTalks-site\backend\rating.php(16): PDO->prepare('SELECT b.id, b....')
#1 {main}
  thrown in C:\xampp\htdocs\BookTalks-site\backend\rating.php on line 16
[03-Jun-2025 00:17:18 Europe/Berlin] PHP Warning:  Undefined variable $book_id in C:\xampp\htdocs\BookTalks-site\backend\rating.php on line 8
[03-Jun-2025 00:17:18 Europe/Berlin] rating.php вызван с book_id: 
[03-Jun-2025 00:17:18 Europe/Berlin] PHP Warning:  Undefined variable $book_id in C:\xampp\htdocs\BookTalks-site\backend\rating.php on line 8
[03-Jun-2025 00:17:18 Europe/Berlin] PHP Fatal error:  Uncaught PDOException: SQLSTATE[42S22]: Column not found: 1054 Unknown column 'r.rating' in 'field list' in C:\xampp\htdocs\BookTalks-site\backend\rating.php:16
Stack trace:
#0 C:\xampp\htdocs\BookTalks-site\backend\rating.php(16): PDO->prepare('SELECT b.id, b....')
#1 {main}
  thrown in C:\xampp\htdocs\BookTalks-site\backend\rating.php on line 16
[03-Jun-2025 00:17:18 Europe/Berlin] rating.php вызван с book_id: 
[03-Jun-2025 00:17:18 Europe/Berlin] PHP Fatal error:  Uncaught PDOException: SQLSTATE[42S22]: Column not found: 1054 Unknown column 'r.rating' in 'field list' in C:\xampp\htdocs\BookTalks-site\backend\rating.php:16
Stack trace:
#0 C:\xampp\htdocs\BookTalks-site\backend\rating.php(16): PDO->prepare('SELECT b.id, b....')
#1 {main}
  thrown in C:\xampp\htdocs\BookTalks-site\backend\rating.php on line 16
[03-Jun-2025 00:17:18 Europe/Berlin] PHP Warning:  Undefined variable $book_id in C:\xampp\htdocs\BookTalks-site\backend\rating.php on line 8
[03-Jun-2025 00:17:18 Europe/Berlin] rating.php вызван с book_id: 
[03-Jun-2025 00:17:18 Europe/Berlin] PHP Fatal error:  Uncaught PDOException: SQLSTATE[42S22]: Column not found: 1054 Unknown column 'r.rating' in 'field list' in C:\xampp\htdocs\BookTalks-site\backend\rating.php:16
Stack trace:
#0 C:\xampp\htdocs\BookTalks-site\backend\rating.php(16): PDO->prepare('SELECT b.id, b....')
#1 {main}
  thrown in C:\xampp\htdocs\BookTalks-site\backend\rating.php on line 16
[03-Jun-2025 00:17:18 Europe/Berlin] PHP Warning:  Undefined variable $book_id in C:\xampp\htdocs\BookTalks-site\backend\rating.php on line 8
[03-Jun-2025 00:17:18 Europe/Berlin] rating.php вызван с book_id: 
[03-Jun-2025 00:17:18 Europe/Berlin] PHP Fatal error:  Uncaught PDOException: SQLSTATE[42S22]: Column not found: 1054 Unknown column 'r.rating' in 'field list' in C:\xampp\htdocs\BookTalks-site\backend\rating.php:16
Stack trace:
#0 C:\xampp\htdocs\BookTalks-site\backend\rating.php(16): PDO->prepare('SELECT b.id, b....')
#1 {main}
  thrown in C:\xampp\htdocs\BookTalks-site\backend\rating.php on line 16
[03-Jun-2025 00:17:28 Europe/Berlin] PHP Warning:  Undefined variable $book_id in C:\xampp\htdocs\BookTalks-site\backend\rating.php on line 8
[03-Jun-2025 00:17:28 Europe/Berlin] rating.php вызван с book_id: 
[03-Jun-2025 00:17:28 Europe/Berlin] PHP Fatal error:  Uncaught PDOException: SQLSTATE[42S22]: Column not found: 1054 Unknown column 'r.rating' in 'field list' in C:\xampp\htdocs\BookTalks-site\backend\rating.php:16
Stack trace:
#0 C:\xampp\htdocs\BookTalks-site\backend\rating.php(16): PDO->prepare('SELECT b.id, b....')
#1 {main}
  thrown in C:\xampp\htdocs\BookTalks-site\backend\rating.php on line 16
[03-Jun-2025 00:17:28 Europe/Berlin] PHP Warning:  Undefined variable $book_id in C:\xampp\htdocs\BookTalks-site\backend\rating.php on line 8
[03-Jun-2025 00:17:28 Europe/Berlin] rating.php вызван с book_id: 
[03-Jun-2025 00:17:28 Europe/Berlin] PHP Fatal error:  Uncaught PDOException: SQLSTATE[42S22]: Column not found: 1054 Unknown column 'r.rating' in 'field list' in C:\xampp\htdocs\BookTalks-site\backend\rating.php:16
Stack trace:
#0 C:\xampp\htdocs\BookTalks-site\backend\rating.php(16): PDO->prepare('SELECT b.id, b....')
#1 {main}
  thrown in C:\xampp\htdocs\BookTalks-site\backend\rating.php on line 16
[03-Jun-2025 00:17:31 Europe/Berlin] PHP Warning:  Undefined variable $book_id in C:\xampp\htdocs\BookTalks-site\backend\rating.php on line 8
[03-Jun-2025 00:17:31 Europe/Berlin] rating.php вызван с book_id: 
[03-Jun-2025 00:17:31 Europe/Berlin] PHP Fatal error:  Uncaught PDOException: SQLSTATE[42S22]: Column not found: 1054 Unknown column 'r.rating' in 'field list' in C:\xampp\htdocs\BookTalks-site\backend\rating.php:16
Stack trace:
#0 C:\xampp\htdocs\BookTalks-site\backend\rating.php(16): PDO->prepare('SELECT b.id, b....')
#1 {main}
  thrown in C:\xampp\htdocs\BookTalks-site\backend\rating.php on line 16
[03-Jun-2025 00:17:31 Europe/Berlin] PHP Warning:  Undefined variable $book_id in C:\xampp\htdocs\BookTalks-site\backend\rating.php on line 8
[03-Jun-2025 00:17:31 Europe/Berlin] PHP Warning:  Undefined variable $book_id in C:\xampp\htdocs\BookTalks-site\backend\rating.php on line 8
[03-Jun-2025 00:17:31 Europe/Berlin] PHP Warning:  Undefined variable $book_id in C:\xampp\htdocs\BookTalks-site\backend\rating.php on line 8
[03-Jun-2025 00:17:31 Europe/Berlin] rating.php вызван с book_id: 
[03-Jun-2025 00:17:31 Europe/Berlin] PHP Warning:  Undefined variable $book_id in C:\xampp\htdocs\BookTalks-site\backend\rating.php on line 8
[03-Jun-2025 00:17:31 Europe/Berlin] PHP Warning:  Undefined variable $book_id in C:\xampp\htdocs\BookTalks-site\backend\rating.php on line 8
[03-Jun-2025 00:17:31 Europe/Berlin] PHP Warning:  Undefined variable $book_id in C:\xampp\htdocs\BookTalks-site\backend\rating.php on line 8
[03-Jun-2025 00:17:31 Europe/Berlin] rating.php вызван с book_id: 
[03-Jun-2025 00:17:31 Europe/Berlin] rating.php вызван с book_id: 
[03-Jun-2025 00:17:31 Europe/Berlin] rating.php вызван с book_id: 
[03-Jun-2025 00:17:31 Europe/Berlin] rating.php вызван с book_id: 
[03-Jun-2025 00:17:31 Europe/Berlin] rating.php вызван с book_id: 
[03-Jun-2025 00:17:31 Europe/Berlin] PHP Fatal error:  Uncaught PDOException: SQLSTATE[42S22]: Column not found: 1054 Unknown column 'r.rating' in 'field list' in C:\xampp\htdocs\BookTalks-site\backend\rating.php:16
Stack trace:
#0 C:\xampp\htdocs\BookTalks-site\backend\rating.php(16): PDO->prepare('SELECT b.id, b....')
#1 {main}
  thrown in C:\xampp\htdocs\BookTalks-site\backend\rating.php on line 16
[03-Jun-2025 00:17:31 Europe/Berlin] PHP Fatal error:  Uncaught PDOException: SQLSTATE[42S22]: Column not found: 1054 Unknown column 'r.rating' in 'field list' in C:\xampp\htdocs\BookTalks-site\backend\rating.php:16
Stack trace:
#0 C:\xampp\htdocs\BookTalks-site\backend\rating.php(16): PDO->prepare('SELECT b.id, b....')
#1 {main}
  thrown in C:\xampp\htdocs\BookTalks-site\backend\rating.php on line 16
[03-Jun-2025 00:17:31 Europe/Berlin] PHP Fatal error:  Uncaught PDOException: SQLSTATE[42S22]: Column not found: 1054 Unknown column 'r.rating' in 'field list' in C:\xampp\htdocs\BookTalks-site\backend\rating.php:16
Stack trace:
#0 C:\xampp\htdocs\BookTalks-site\backend\rating.php(16): PDO->prepare('SELECT b.id, b....')
#1 {main}
  thrown in C:\xampp\htdocs\BookTalks-site\backend\rating.php on line 16
[03-Jun-2025 00:17:31 Europe/Berlin] PHP Fatal error:  Uncaught PDOException: SQLSTATE[42S22]: Column not found: 1054 Unknown column 'r.rating' in 'field list' in C:\xampp\htdocs\BookTalks-site\backend\rating.php:16
Stack trace:
#0 C:\xampp\htdocs\BookTalks-site\backend\rating.php(16): PDO->prepare('SELECT b.id, b....')
#1 {main}
  thrown in C:\xampp\htdocs\BookTalks-site\backend\rating.php on line 16
[03-Jun-2025 00:17:31 Europe/Berlin] PHP Fatal error:  Uncaught PDOException: SQLSTATE[42S22]: Column not found: 1054 Unknown column 'r.rating' in 'field list' in C:\xampp\htdocs\BookTalks-site\backend\rating.php:16
Stack trace:
#0 C:\xampp\htdocs\BookTalks-site\backend\rating.php(16): PDO->prepare('SELECT b.id, b....')
#1 {main}
  thrown in C:\xampp\htdocs\BookTalks-site\backend\rating.php on line 16
[03-Jun-2025 00:17:31 Europe/Berlin] PHP Fatal error:  Uncaught PDOException: SQLSTATE[42S22]: Column not found: 1054 Unknown column 'r.rating' in 'field list' in C:\xampp\htdocs\BookTalks-site\backend\rating.php:16
Stack trace:
#0 C:\xampp\htdocs\BookTalks-site\backend\rating.php(16): PDO->prepare('SELECT b.id, b....')
#1 {main}
  thrown in C:\xampp\htdocs\BookTalks-site\backend\rating.php on line 16
[03-Jun-2025 00:17:31 Europe/Berlin] PHP Warning:  Undefined variable $book_id in C:\xampp\htdocs\BookTalks-site\backend\rating.php on line 8
[03-Jun-2025 00:17:31 Europe/Berlin] PHP Warning:  Undefined variable $book_id in C:\xampp\htdocs\BookTalks-site\backend\rating.php on line 8
[03-Jun-2025 00:17:31 Europe/Berlin] rating.php вызван с book_id: 
[03-Jun-2025 00:17:31 Europe/Berlin] rating.php вызван с book_id: 
[03-Jun-2025 00:17:31 Europe/Berlin] PHP Fatal error:  Uncaught PDOException: SQLSTATE[42S22]: Column not found: 1054 Unknown column 'r.rating' in 'field list' in C:\xampp\htdocs\BookTalks-site\backend\rating.php:16
Stack trace:
#0 C:\xampp\htdocs\BookTalks-site\backend\rating.php(16): PDO->prepare('SELECT b.id, b....')
#1 {main}
  thrown in C:\xampp\htdocs\BookTalks-site\backend\rating.php on line 16
[03-Jun-2025 00:17:31 Europe/Berlin] PHP Fatal error:  Uncaught PDOException: SQLSTATE[42S22]: Column not found: 1054 Unknown column 'r.rating' in 'field list' in C:\xampp\htdocs\BookTalks-site\backend\rating.php:16
Stack trace:
#0 C:\xampp\htdocs\BookTalks-site\backend\rating.php(16): PDO->prepare('SELECT b.id, b....')
#1 {main}
  thrown in C:\xampp\htdocs\BookTalks-site\backend\rating.php on line 16
